// Jest Snapshot v1, https://goo.gl/fbAQLP

exports[` el componente GastosListaItem 1`] = `
<div>
  <Link
    replace={false}
    to="/edita/2"
  >
    <h3>
       
      renta
       
    </h3>
  </Link>
  <p>
    $1,095.00
    -
    December 27th, 1969
  </p>
</div>
`;
