// Jest Snapshot v1, https://goo.gl/fbAQLP

exports[`componente PaginaSumaGasto 1`] = `
<div>
  <h1>
    Agrega el gasto de hoy
  </h1>
  <GastosForm
    onSubmit={[Function]}
  />
</div>
`;
